2025-12-13 13:27:42,825 - INFO - 生成了 3 个任务组合
2025-12-13 13:27:42,825 - INFO - 开始执行 3 个任务，最大并发数: 7
2025-12-13 13:27:42,825 - INFO - [Task-000_iwslt_google_gemma-2-2b_sae_penalty] 开始执行，使用设备: cuda:0
2025-12-13 13:27:42,926 - INFO - [Task-001_eq_google_gemma-2-2b_sae_penalty] 开始执行，使用设备: cuda:1
2025-12-13 13:27:43,027 - INFO - [Task-002_nq_google_gemma-2-2b_sae_penalty] 开始执行，使用设备: cuda:2
2025-12-13 13:28:08,995 - ERROR - [Task-000_iwslt_google_gemma-2-2b_sae_penalty] 执行失败，返回码: 1
2025-12-13 13:28:08,995 - ERROR - [Task-000_iwslt_google_gemma-2-2b_sae_penalty] 错误输出: `torch_dtype` is deprecated! Use `dtype` instead!

Loading checkpoint shards:   0%|          | 0/3 [00:00<?, ?it/s]
Loading checkpoint shards:  33%|███▎      | 1/3 [00:04<00:08,  4.06s/it]
Loading checkpoint shards:  67%|██████▋   | 2/3 [00:08<00:04,  4.38s/it]
Loading checkpoint shards: 100%|██████████| 3/3 [00:09<00:00,  2.54s/it]
Loading checkpoint shards: 100%|██████████| 3/3 [00:09<00:00,  3.01s/it]
Traceback (most recent call last):
  File "<frozen runpy>", line 198, in _run_module_as_main
  File "<frozen runpy>", line 88, in _run_code
  File "/data/data_public/yrb/LLMRep/src/evaluation/run_dataset.py", line 187, in <module>
    main()
  File "/data/data_public/yrb/LLMRep/src/evaluation/run_dataset.py", line 172, in main
    decode_model = load_model(args)
                   ^^^^^^^^^^^^^^^^
  File "/data/data_public/yrb/LLMRep/src/evaluation/run_dataset.py", line 122, in load_model
    decode_model = SaeDecodePenaltyModel(decoder=decoder, tokenizer=tokenizer, latent_idxs=latent_idxs, penalty_config={
                   ^^^^^^^^^^^^^^^^^^^^^^^^^^^^^^^^^^^^^^^^^^^^^^^^^^^^^^^^^^^^^^^^^^^^^^^^^^^^^^^^^^^^^^^^^^^^^^^^^^^^^
  File "/data/data_public/yrb/LLMRep/src/model/sae_decode_penalty_model.py", line 58, in __init__
    torch_dtype=torch.float16
                ^^^^^^^^^^^^^
TypeError: unsupported operand type(s) for ** or pow(): 'torch.dtype' and 'dict'

2025-12-13 13:28:09,075 - ERROR - [Task-001_eq_google_gemma-2-2b_sae_penalty] 执行失败，返回码: 1
2025-12-13 13:28:09,075 - ERROR - [Task-001_eq_google_gemma-2-2b_sae_penalty] 错误输出: `torch_dtype` is deprecated! Use `dtype` instead!

Loading checkpoint shards:   0%|          | 0/3 [00:00<?, ?it/s]
Loading checkpoint shards:  33%|███▎      | 1/3 [00:01<00:02,  1.08s/it]
Loading checkpoint shards:  67%|██████▋   | 2/3 [00:03<00:02,  2.16s/it]
Loading checkpoint shards: 100%|██████████| 3/3 [00:04<00:00,  1.33s/it]
Loading checkpoint shards: 100%|██████████| 3/3 [00:04<00:00,  1.45s/it]
Traceback (most recent call last):
  File "<frozen runpy>", line 198, in _run_module_as_main
  File "<frozen runpy>", line 88, in _run_code
  File "/data/data_public/yrb/LLMRep/src/evaluation/run_dataset.py", line 187, in <module>
    main()
  File "/data/data_public/yrb/LLMRep/src/evaluation/run_dataset.py", line 172, in main
    decode_model = load_model(args)
                   ^^^^^^^^^^^^^^^^
  File "/data/data_public/yrb/LLMRep/src/evaluation/run_dataset.py", line 122, in load_model
    decode_model = SaeDecodePenaltyModel(decoder=decoder, tokenizer=tokenizer, latent_idxs=latent_idxs, penalty_config={
                   ^^^^^^^^^^^^^^^^^^^^^^^^^^^^^^^^^^^^^^^^^^^^^^^^^^^^^^^^^^^^^^^^^^^^^^^^^^^^^^^^^^^^^^^^^^^^^^^^^^^^^
  File "/data/data_public/yrb/LLMRep/src/model/sae_decode_penalty_model.py", line 58, in __init__
    torch_dtype=torch.float16
                ^^^^^^^^^^^^^
TypeError: unsupported operand type(s) for ** or pow(): 'torch.dtype' and 'dict'

2025-12-13 13:28:09,303 - ERROR - [Task-002_nq_google_gemma-2-2b_sae_penalty] 执行失败，返回码: 1
2025-12-13 13:28:09,303 - ERROR - [Task-002_nq_google_gemma-2-2b_sae_penalty] 错误输出: `torch_dtype` is deprecated! Use `dtype` instead!

Loading checkpoint shards:   0%|          | 0/3 [00:00<?, ?it/s]
Loading checkpoint shards:  33%|███▎      | 1/3 [00:01<00:02,  1.21s/it]
Loading checkpoint shards:  67%|██████▋   | 2/3 [00:04<00:02,  2.26s/it]
Loading checkpoint shards: 100%|██████████| 3/3 [00:04<00:00,  1.39s/it]
Loading checkpoint shards: 100%|██████████| 3/3 [00:04<00:00,  1.52s/it]
Traceback (most recent call last):
  File "<frozen runpy>", line 198, in _run_module_as_main
  File "<frozen runpy>", line 88, in _run_code
  File "/data/data_public/yrb/LLMRep/src/evaluation/run_dataset.py", line 187, in <module>
    main()
  File "/data/data_public/yrb/LLMRep/src/evaluation/run_dataset.py", line 172, in main
    decode_model = load_model(args)
                   ^^^^^^^^^^^^^^^^
  File "/data/data_public/yrb/LLMRep/src/evaluation/run_dataset.py", line 122, in load_model
    decode_model = SaeDecodePenaltyModel(decoder=decoder, tokenizer=tokenizer, latent_idxs=latent_idxs, penalty_config={
                   ^^^^^^^^^^^^^^^^^^^^^^^^^^^^^^^^^^^^^^^^^^^^^^^^^^^^^^^^^^^^^^^^^^^^^^^^^^^^^^^^^^^^^^^^^^^^^^^^^^^^^
  File "/data/data_public/yrb/LLMRep/src/model/sae_decode_penalty_model.py", line 58, in __init__
    torch_dtype=torch.float16
                ^^^^^^^^^^^^^
TypeError: unsupported operand type(s) for ** or pow(): 'torch.dtype' and 'dict'

2025-12-13 13:28:09,303 - INFO - ============================================================
2025-12-13 13:28:09,303 - INFO - 任务执行总结
2025-12-13 13:28:09,303 - INFO - ============================================================
2025-12-13 13:28:09,304 - INFO - 总任务数: 3
2025-12-13 13:28:09,304 - INFO - 成功任务: 0
2025-12-13 13:28:09,304 - INFO - 失败任务: 3
2025-12-13 13:28:09,304 - INFO - 成功率: 0.0%
2025-12-13 13:28:09,304 - INFO - 总耗时: 26.48秒 (0.01小时)
2025-12-13 13:28:09,304 - INFO - 
失败任务列表:
2025-12-13 13:28:09,304 - INFO -   - Task-000_iwslt_google_gemma-2-2b_sae_penalty: failed
2025-12-13 13:28:09,304 - INFO -   - Task-001_eq_google_gemma-2-2b_sae_penalty: failed
2025-12-13 13:28:09,304 - INFO -   - Task-002_nq_google_gemma-2-2b_sae_penalty: failed
2025-12-13 13:28:09,307 - INFO - 详细结果已保存到: ./test_results_new/execution_results.json
2025-12-13 13:29:07,157 - INFO - 生成了 3 个任务组合
2025-12-13 13:29:07,157 - INFO - 开始执行 3 个任务，最大并发数: 7
2025-12-13 13:29:07,158 - INFO - [Task-000_iwslt_google_gemma-2-2b_sae_penalty] 开始执行，使用设备: cuda:0
2025-12-13 13:29:07,259 - INFO - [Task-001_eq_google_gemma-2-2b_sae_penalty] 开始执行，使用设备: cuda:1
2025-12-13 13:29:07,359 - INFO - [Task-002_nq_google_gemma-2-2b_sae_penalty] 开始执行，使用设备: cuda:2
2025-12-13 13:29:37,460 - INFO - 进度: 0/3 (0.0%) - 成功: 0, 失败: 0 - GPU使用: 3/7
2025-12-13 13:30:07,461 - INFO - 进度: 0/3 (0.0%) - 成功: 0, 失败: 0 - GPU使用: 3/7
2025-12-13 13:30:37,461 - INFO - 进度: 0/3 (0.0%) - 成功: 0, 失败: 0 - GPU使用: 3/7
2025-12-13 13:31:07,462 - INFO - 进度: 0/3 (0.0%) - 成功: 0, 失败: 0 - GPU使用: 3/7
2025-12-13 13:31:37,462 - INFO - 进度: 0/3 (0.0%) - 成功: 0, 失败: 0 - GPU使用: 3/7
2025-12-13 13:32:07,463 - INFO - 进度: 0/3 (0.0%) - 成功: 0, 失败: 0 - GPU使用: 3/7
2025-12-13 13:32:37,463 - INFO - 进度: 0/3 (0.0%) - 成功: 0, 失败: 0 - GPU使用: 3/7
2025-12-13 13:33:07,464 - INFO - 进度: 0/3 (0.0%) - 成功: 0, 失败: 0 - GPU使用: 3/7
2025-12-13 13:33:37,464 - INFO - 进度: 0/3 (0.0%) - 成功: 0, 失败: 0 - GPU使用: 3/7
2025-12-13 13:34:07,465 - INFO - 进度: 0/3 (0.0%) - 成功: 0, 失败: 0 - GPU使用: 3/7
2025-12-13 13:34:37,465 - INFO - 进度: 0/3 (0.0%) - 成功: 0, 失败: 0 - GPU使用: 3/7
2025-12-13 13:35:07,465 - INFO - 进度: 0/3 (0.0%) - 成功: 0, 失败: 0 - GPU使用: 3/7
2025-12-13 13:35:37,466 - INFO - 进度: 0/3 (0.0%) - 成功: 0, 失败: 0 - GPU使用: 3/7
2025-12-13 13:36:07,466 - INFO - 进度: 0/3 (0.0%) - 成功: 0, 失败: 0 - GPU使用: 3/7
2025-12-13 13:36:37,467 - INFO - 进度: 0/3 (0.0%) - 成功: 0, 失败: 0 - GPU使用: 3/7
2025-12-13 13:37:07,467 - INFO - 进度: 0/3 (0.0%) - 成功: 0, 失败: 0 - GPU使用: 3/7
2025-12-13 13:37:37,468 - INFO - 进度: 0/3 (0.0%) - 成功: 0, 失败: 0 - GPU使用: 3/7
2025-12-13 13:38:07,468 - INFO - 进度: 0/3 (0.0%) - 成功: 0, 失败: 0 - GPU使用: 3/7
2025-12-13 13:38:37,469 - INFO - 进度: 0/3 (0.0%) - 成功: 0, 失败: 0 - GPU使用: 3/7
2025-12-13 13:39:07,469 - INFO - 进度: 0/3 (0.0%) - 成功: 0, 失败: 0 - GPU使用: 3/7
2025-12-13 13:39:37,470 - INFO - 进度: 0/3 (0.0%) - 成功: 0, 失败: 0 - GPU使用: 3/7
2025-12-13 13:40:07,470 - INFO - 进度: 0/3 (0.0%) - 成功: 0, 失败: 0 - GPU使用: 3/7
2025-12-13 13:40:37,471 - INFO - 进度: 0/3 (0.0%) - 成功: 0, 失败: 0 - GPU使用: 3/7
2025-12-13 13:41:07,471 - INFO - 进度: 0/3 (0.0%) - 成功: 0, 失败: 0 - GPU使用: 3/7
2025-12-13 13:41:37,472 - INFO - 进度: 0/3 (0.0%) - 成功: 0, 失败: 0 - GPU使用: 3/7
2025-12-13 13:42:07,472 - INFO - 进度: 0/3 (0.0%) - 成功: 0, 失败: 0 - GPU使用: 3/7
2025-12-13 13:42:37,472 - INFO - 进度: 0/3 (0.0%) - 成功: 0, 失败: 0 - GPU使用: 3/7
2025-12-13 13:43:07,473 - INFO - 进度: 0/3 (0.0%) - 成功: 0, 失败: 0 - GPU使用: 3/7
2025-12-13 13:43:37,473 - INFO - 进度: 0/3 (0.0%) - 成功: 0, 失败: 0 - GPU使用: 3/7
2025-12-13 13:44:07,474 - INFO - 进度: 0/3 (0.0%) - 成功: 0, 失败: 0 - GPU使用: 3/7
2025-12-13 13:44:37,474 - INFO - 进度: 0/3 (0.0%) - 成功: 0, 失败: 0 - GPU使用: 3/7
2025-12-13 13:45:07,475 - INFO - 进度: 0/3 (0.0%) - 成功: 0, 失败: 0 - GPU使用: 3/7
2025-12-13 13:45:37,475 - INFO - 进度: 0/3 (0.0%) - 成功: 0, 失败: 0 - GPU使用: 3/7
2025-12-13 13:46:07,476 - INFO - 进度: 0/3 (0.0%) - 成功: 0, 失败: 0 - GPU使用: 3/7
2025-12-13 13:46:37,476 - INFO - 进度: 0/3 (0.0%) - 成功: 0, 失败: 0 - GPU使用: 3/7
2025-12-13 13:47:07,477 - INFO - 进度: 0/3 (0.0%) - 成功: 0, 失败: 0 - GPU使用: 3/7
2025-12-13 13:47:37,477 - INFO - 进度: 0/3 (0.0%) - 成功: 0, 失败: 0 - GPU使用: 3/7
2025-12-13 13:48:07,478 - INFO - 进度: 0/3 (0.0%) - 成功: 0, 失败: 0 - GPU使用: 3/7
2025-12-13 13:48:37,478 - INFO - 进度: 0/3 (0.0%) - 成功: 0, 失败: 0 - GPU使用: 3/7
2025-12-13 13:49:07,479 - INFO - 进度: 0/3 (0.0%) - 成功: 0, 失败: 0 - GPU使用: 3/7
2025-12-13 13:49:37,479 - INFO - 进度: 0/3 (0.0%) - 成功: 0, 失败: 0 - GPU使用: 3/7
2025-12-13 13:50:07,480 - INFO - 进度: 0/3 (0.0%) - 成功: 0, 失败: 0 - GPU使用: 3/7
2025-12-13 13:50:37,480 - INFO - 进度: 0/3 (0.0%) - 成功: 0, 失败: 0 - GPU使用: 3/7
2025-12-13 13:51:07,481 - INFO - 进度: 0/3 (0.0%) - 成功: 0, 失败: 0 - GPU使用: 3/7
2025-12-13 13:51:37,481 - INFO - 进度: 0/3 (0.0%) - 成功: 0, 失败: 0 - GPU使用: 3/7
2025-12-13 13:52:07,482 - INFO - 进度: 0/3 (0.0%) - 成功: 0, 失败: 0 - GPU使用: 3/7
2025-12-13 13:52:37,482 - INFO - 进度: 0/3 (0.0%) - 成功: 0, 失败: 0 - GPU使用: 3/7
2025-12-13 13:53:07,483 - INFO - 进度: 0/3 (0.0%) - 成功: 0, 失败: 0 - GPU使用: 3/7
2025-12-13 13:53:37,483 - INFO - 进度: 0/3 (0.0%) - 成功: 0, 失败: 0 - GPU使用: 3/7
2025-12-13 13:54:07,484 - INFO - 进度: 0/3 (0.0%) - 成功: 0, 失败: 0 - GPU使用: 3/7
2025-12-13 13:54:37,484 - INFO - 进度: 0/3 (0.0%) - 成功: 0, 失败: 0 - GPU使用: 3/7
2025-12-13 13:55:07,484 - INFO - 进度: 0/3 (0.0%) - 成功: 0, 失败: 0 - GPU使用: 3/7
2025-12-13 13:55:37,485 - INFO - 进度: 0/3 (0.0%) - 成功: 0, 失败: 0 - GPU使用: 3/7
2025-12-13 13:56:07,485 - INFO - 进度: 0/3 (0.0%) - 成功: 0, 失败: 0 - GPU使用: 3/7
2025-12-13 13:56:37,486 - INFO - 进度: 0/3 (0.0%) - 成功: 0, 失败: 0 - GPU使用: 3/7
2025-12-13 13:57:07,486 - INFO - 进度: 0/3 (0.0%) - 成功: 0, 失败: 0 - GPU使用: 3/7
2025-12-13 13:57:37,487 - INFO - 进度: 0/3 (0.0%) - 成功: 0, 失败: 0 - GPU使用: 3/7
2025-12-13 13:58:07,487 - INFO - 进度: 0/3 (0.0%) - 成功: 0, 失败: 0 - GPU使用: 3/7
2025-12-13 13:58:37,488 - INFO - 进度: 0/3 (0.0%) - 成功: 0, 失败: 0 - GPU使用: 3/7
2025-12-13 13:59:07,488 - INFO - 进度: 0/3 (0.0%) - 成功: 0, 失败: 0 - GPU使用: 3/7
2025-12-13 13:59:37,489 - INFO - 进度: 0/3 (0.0%) - 成功: 0, 失败: 0 - GPU使用: 3/7
2025-12-13 14:00:07,489 - INFO - 进度: 0/3 (0.0%) - 成功: 0, 失败: 0 - GPU使用: 3/7
2025-12-13 14:00:37,489 - INFO - 进度: 0/3 (0.0%) - 成功: 0, 失败: 0 - GPU使用: 3/7
2025-12-13 14:01:07,490 - INFO - 进度: 0/3 (0.0%) - 成功: 0, 失败: 0 - GPU使用: 3/7
2025-12-13 14:01:37,490 - INFO - 进度: 0/3 (0.0%) - 成功: 0, 失败: 0 - GPU使用: 3/7
2025-12-13 14:02:07,491 - INFO - 进度: 0/3 (0.0%) - 成功: 0, 失败: 0 - GPU使用: 3/7
2025-12-13 14:02:37,491 - INFO - 进度: 0/3 (0.0%) - 成功: 0, 失败: 0 - GPU使用: 3/7
2025-12-13 14:03:07,492 - INFO - 进度: 0/3 (0.0%) - 成功: 0, 失败: 0 - GPU使用: 3/7
2025-12-13 14:03:37,492 - INFO - 进度: 0/3 (0.0%) - 成功: 0, 失败: 0 - GPU使用: 3/7
2025-12-13 14:04:07,493 - INFO - 进度: 0/3 (0.0%) - 成功: 0, 失败: 0 - GPU使用: 3/7
2025-12-13 14:04:37,493 - INFO - 进度: 0/3 (0.0%) - 成功: 0, 失败: 0 - GPU使用: 3/7
2025-12-13 14:05:07,494 - INFO - 进度: 0/3 (0.0%) - 成功: 0, 失败: 0 - GPU使用: 3/7
2025-12-13 14:05:37,494 - INFO - 进度: 0/3 (0.0%) - 成功: 0, 失败: 0 - GPU使用: 3/7
2025-12-13 14:06:07,495 - INFO - 进度: 0/3 (0.0%) - 成功: 0, 失败: 0 - GPU使用: 3/7
2025-12-13 14:06:37,495 - INFO - 进度: 0/3 (0.0%) - 成功: 0, 失败: 0 - GPU使用: 3/7
2025-12-13 14:07:07,496 - INFO - 进度: 0/3 (0.0%) - 成功: 0, 失败: 0 - GPU使用: 3/7
2025-12-13 14:07:37,496 - INFO - 进度: 0/3 (0.0%) - 成功: 0, 失败: 0 - GPU使用: 3/7
2025-12-13 14:08:07,497 - INFO - 进度: 0/3 (0.0%) - 成功: 0, 失败: 0 - GPU使用: 3/7
2025-12-13 14:08:37,497 - INFO - 进度: 0/3 (0.0%) - 成功: 0, 失败: 0 - GPU使用: 3/7
2025-12-13 14:09:07,498 - INFO - 进度: 0/3 (0.0%) - 成功: 0, 失败: 0 - GPU使用: 3/7
2025-12-13 14:09:37,498 - INFO - 进度: 0/3 (0.0%) - 成功: 0, 失败: 0 - GPU使用: 3/7
2025-12-13 14:10:07,499 - INFO - 进度: 0/3 (0.0%) - 成功: 0, 失败: 0 - GPU使用: 3/7
2025-12-13 14:10:37,499 - INFO - 进度: 0/3 (0.0%) - 成功: 0, 失败: 0 - GPU使用: 3/7
2025-12-13 14:11:07,500 - INFO - 进度: 0/3 (0.0%) - 成功: 0, 失败: 0 - GPU使用: 3/7
2025-12-13 14:11:37,500 - INFO - 进度: 0/3 (0.0%) - 成功: 0, 失败: 0 - GPU使用: 3/7
2025-12-13 14:12:07,501 - INFO - 进度: 0/3 (0.0%) - 成功: 0, 失败: 0 - GPU使用: 3/7
2025-12-13 14:12:37,501 - INFO - 进度: 0/3 (0.0%) - 成功: 0, 失败: 0 - GPU使用: 3/7
2025-12-13 14:13:07,501 - INFO - 进度: 0/3 (0.0%) - 成功: 0, 失败: 0 - GPU使用: 3/7
2025-12-13 14:13:37,502 - INFO - 进度: 0/3 (0.0%) - 成功: 0, 失败: 0 - GPU使用: 3/7
2025-12-13 14:14:07,502 - INFO - 进度: 0/3 (0.0%) - 成功: 0, 失败: 0 - GPU使用: 3/7
2025-12-13 14:14:37,503 - INFO - 进度: 0/3 (0.0%) - 成功: 0, 失败: 0 - GPU使用: 3/7
2025-12-13 14:15:07,503 - INFO - 进度: 0/3 (0.0%) - 成功: 0, 失败: 0 - GPU使用: 3/7
2025-12-13 14:15:37,504 - INFO - 进度: 0/3 (0.0%) - 成功: 0, 失败: 0 - GPU使用: 3/7
2025-12-13 14:16:07,504 - INFO - 进度: 0/3 (0.0%) - 成功: 0, 失败: 0 - GPU使用: 3/7
2025-12-13 14:16:37,505 - INFO - 进度: 0/3 (0.0%) - 成功: 0, 失败: 0 - GPU使用: 3/7
2025-12-13 14:17:07,505 - INFO - 进度: 0/3 (0.0%) - 成功: 0, 失败: 0 - GPU使用: 3/7
2025-12-13 14:17:37,506 - INFO - 进度: 0/3 (0.0%) - 成功: 0, 失败: 0 - GPU使用: 3/7
2025-12-13 14:18:07,506 - INFO - 进度: 0/3 (0.0%) - 成功: 0, 失败: 0 - GPU使用: 3/7
2025-12-13 14:18:37,507 - INFO - 进度: 0/3 (0.0%) - 成功: 0, 失败: 0 - GPU使用: 3/7
2025-12-13 14:19:07,507 - INFO - 进度: 0/3 (0.0%) - 成功: 0, 失败: 0 - GPU使用: 3/7
2025-12-13 14:19:37,508 - INFO - 进度: 0/3 (0.0%) - 成功: 0, 失败: 0 - GPU使用: 3/7
2025-12-13 14:20:07,508 - INFO - 进度: 0/3 (0.0%) - 成功: 0, 失败: 0 - GPU使用: 3/7
2025-12-13 14:20:37,508 - INFO - 进度: 0/3 (0.0%) - 成功: 0, 失败: 0 - GPU使用: 3/7
2025-12-13 14:21:07,509 - INFO - 进度: 0/3 (0.0%) - 成功: 0, 失败: 0 - GPU使用: 3/7
2025-12-13 14:21:37,509 - INFO - 进度: 0/3 (0.0%) - 成功: 0, 失败: 0 - GPU使用: 3/7
2025-12-13 14:22:07,510 - INFO - 进度: 0/3 (0.0%) - 成功: 0, 失败: 0 - GPU使用: 3/7
2025-12-13 14:22:37,510 - INFO - 进度: 0/3 (0.0%) - 成功: 0, 失败: 0 - GPU使用: 3/7
2025-12-13 14:23:07,511 - INFO - 进度: 0/3 (0.0%) - 成功: 0, 失败: 0 - GPU使用: 3/7
2025-12-13 14:23:37,511 - INFO - 进度: 0/3 (0.0%) - 成功: 0, 失败: 0 - GPU使用: 3/7
2025-12-13 14:24:07,512 - INFO - 进度: 0/3 (0.0%) - 成功: 0, 失败: 0 - GPU使用: 3/7
2025-12-13 14:24:37,512 - INFO - 进度: 0/3 (0.0%) - 成功: 0, 失败: 0 - GPU使用: 3/7
2025-12-13 14:25:07,513 - INFO - 进度: 0/3 (0.0%) - 成功: 0, 失败: 0 - GPU使用: 3/7
2025-12-13 14:25:37,513 - INFO - 进度: 0/3 (0.0%) - 成功: 0, 失败: 0 - GPU使用: 3/7
2025-12-13 14:26:07,514 - INFO - 进度: 0/3 (0.0%) - 成功: 0, 失败: 0 - GPU使用: 3/7
2025-12-13 14:26:37,514 - INFO - 进度: 0/3 (0.0%) - 成功: 0, 失败: 0 - GPU使用: 3/7
2025-12-13 14:27:07,515 - INFO - 进度: 0/3 (0.0%) - 成功: 0, 失败: 0 - GPU使用: 3/7
2025-12-13 14:27:37,515 - INFO - 进度: 0/3 (0.0%) - 成功: 0, 失败: 0 - GPU使用: 3/7
2025-12-13 14:28:07,516 - INFO - 进度: 0/3 (0.0%) - 成功: 0, 失败: 0 - GPU使用: 3/7
2025-12-13 14:28:37,516 - INFO - 进度: 0/3 (0.0%) - 成功: 0, 失败: 0 - GPU使用: 3/7
2025-12-13 14:29:07,517 - INFO - 进度: 0/3 (0.0%) - 成功: 0, 失败: 0 - GPU使用: 3/7
2025-12-13 14:29:37,517 - INFO - 进度: 0/3 (0.0%) - 成功: 0, 失败: 0 - GPU使用: 3/7
2025-12-13 14:30:07,518 - INFO - 进度: 0/3 (0.0%) - 成功: 0, 失败: 0 - GPU使用: 3/7
2025-12-13 14:30:37,518 - INFO - 进度: 0/3 (0.0%) - 成功: 0, 失败: 0 - GPU使用: 3/7
2025-12-13 14:31:07,518 - INFO - 进度: 0/3 (0.0%) - 成功: 0, 失败: 0 - GPU使用: 3/7
2025-12-13 14:31:37,519 - INFO - 进度: 0/3 (0.0%) - 成功: 0, 失败: 0 - GPU使用: 3/7
2025-12-13 14:32:07,519 - INFO - 进度: 0/3 (0.0%) - 成功: 0, 失败: 0 - GPU使用: 3/7
2025-12-13 14:32:37,520 - INFO - 进度: 0/3 (0.0%) - 成功: 0, 失败: 0 - GPU使用: 3/7
2025-12-13 14:33:07,520 - INFO - 进度: 0/3 (0.0%) - 成功: 0, 失败: 0 - GPU使用: 3/7
2025-12-13 14:33:37,521 - INFO - 进度: 0/3 (0.0%) - 成功: 0, 失败: 0 - GPU使用: 3/7
2025-12-13 14:34:07,521 - INFO - 进度: 0/3 (0.0%) - 成功: 0, 失败: 0 - GPU使用: 3/7
2025-12-13 14:34:37,522 - INFO - 进度: 0/3 (0.0%) - 成功: 0, 失败: 0 - GPU使用: 3/7
2025-12-13 14:35:07,522 - INFO - 进度: 0/3 (0.0%) - 成功: 0, 失败: 0 - GPU使用: 3/7
2025-12-13 14:35:37,523 - INFO - 进度: 0/3 (0.0%) - 成功: 0, 失败: 0 - GPU使用: 3/7
2025-12-13 14:36:07,523 - INFO - 进度: 0/3 (0.0%) - 成功: 0, 失败: 0 - GPU使用: 3/7
2025-12-13 14:36:37,524 - INFO - 进度: 0/3 (0.0%) - 成功: 0, 失败: 0 - GPU使用: 3/7
2025-12-13 14:37:07,524 - INFO - 进度: 0/3 (0.0%) - 成功: 0, 失败: 0 - GPU使用: 3/7
2025-12-13 14:37:37,525 - INFO - 进度: 0/3 (0.0%) - 成功: 0, 失败: 0 - GPU使用: 3/7
2025-12-13 14:38:07,525 - INFO - 进度: 0/3 (0.0%) - 成功: 0, 失败: 0 - GPU使用: 3/7
2025-12-13 14:38:37,525 - INFO - 进度: 0/3 (0.0%) - 成功: 0, 失败: 0 - GPU使用: 3/7
2025-12-13 14:39:07,526 - INFO - 进度: 0/3 (0.0%) - 成功: 0, 失败: 0 - GPU使用: 3/7
2025-12-13 14:39:37,526 - INFO - 进度: 0/3 (0.0%) - 成功: 0, 失败: 0 - GPU使用: 3/7
2025-12-13 14:40:07,527 - INFO - 进度: 0/3 (0.0%) - 成功: 0, 失败: 0 - GPU使用: 3/7
2025-12-13 14:40:37,527 - INFO - 进度: 0/3 (0.0%) - 成功: 0, 失败: 0 - GPU使用: 3/7
2025-12-13 14:41:07,528 - INFO - 进度: 0/3 (0.0%) - 成功: 0, 失败: 0 - GPU使用: 3/7
2025-12-13 14:41:37,160 - INFO - [Task-001_eq_google_gemma-2-2b_sae_penalty] 执行成功，耗时: 4349.90秒
2025-12-13 14:41:37,528 - INFO - 进度: 1/3 (33.3%) - 成功: 1, 失败: 0 - GPU使用: 2/7
2025-12-13 14:42:07,529 - INFO - 进度: 1/3 (33.3%) - 成功: 1, 失败: 0 - GPU使用: 2/7
2025-12-13 14:42:37,529 - INFO - 进度: 1/3 (33.3%) - 成功: 1, 失败: 0 - GPU使用: 2/7
2025-12-13 14:43:07,530 - INFO - 进度: 1/3 (33.3%) - 成功: 1, 失败: 0 - GPU使用: 2/7
2025-12-13 14:43:37,530 - INFO - 进度: 1/3 (33.3%) - 成功: 1, 失败: 0 - GPU使用: 2/7
2025-12-13 14:44:07,531 - INFO - 进度: 1/3 (33.3%) - 成功: 1, 失败: 0 - GPU使用: 2/7
2025-12-13 14:44:37,531 - INFO - 进度: 1/3 (33.3%) - 成功: 1, 失败: 0 - GPU使用: 2/7
2025-12-13 14:45:07,532 - INFO - 进度: 1/3 (33.3%) - 成功: 1, 失败: 0 - GPU使用: 2/7
2025-12-13 14:45:37,532 - INFO - 进度: 1/3 (33.3%) - 成功: 1, 失败: 0 - GPU使用: 2/7
2025-12-13 14:46:07,533 - INFO - 进度: 1/3 (33.3%) - 成功: 1, 失败: 0 - GPU使用: 2/7
2025-12-13 14:46:37,533 - INFO - 进度: 1/3 (33.3%) - 成功: 1, 失败: 0 - GPU使用: 2/7
2025-12-13 14:47:07,534 - INFO - 进度: 1/3 (33.3%) - 成功: 1, 失败: 0 - GPU使用: 2/7
2025-12-13 14:47:37,534 - INFO - 进度: 1/3 (33.3%) - 成功: 1, 失败: 0 - GPU使用: 2/7
2025-12-13 14:48:07,535 - INFO - 进度: 1/3 (33.3%) - 成功: 1, 失败: 0 - GPU使用: 2/7
2025-12-13 14:48:37,535 - INFO - 进度: 1/3 (33.3%) - 成功: 1, 失败: 0 - GPU使用: 2/7
2025-12-13 14:49:07,536 - INFO - 进度: 1/3 (33.3%) - 成功: 1, 失败: 0 - GPU使用: 2/7
2025-12-13 14:49:37,536 - INFO - 进度: 1/3 (33.3%) - 成功: 1, 失败: 0 - GPU使用: 2/7
2025-12-13 14:50:07,536 - INFO - 进度: 1/3 (33.3%) - 成功: 1, 失败: 0 - GPU使用: 2/7
2025-12-13 14:50:37,537 - INFO - 进度: 1/3 (33.3%) - 成功: 1, 失败: 0 - GPU使用: 2/7
2025-12-13 14:51:07,537 - INFO - 进度: 1/3 (33.3%) - 成功: 1, 失败: 0 - GPU使用: 2/7
2025-12-13 14:51:37,538 - INFO - 进度: 1/3 (33.3%) - 成功: 1, 失败: 0 - GPU使用: 2/7
2025-12-13 14:52:07,538 - INFO - 进度: 1/3 (33.3%) - 成功: 1, 失败: 0 - GPU使用: 2/7
2025-12-13 14:52:37,539 - INFO - 进度: 1/3 (33.3%) - 成功: 1, 失败: 0 - GPU使用: 2/7
2025-12-13 14:53:07,539 - INFO - 进度: 1/3 (33.3%) - 成功: 1, 失败: 0 - GPU使用: 2/7
2025-12-13 14:53:37,540 - INFO - 进度: 1/3 (33.3%) - 成功: 1, 失败: 0 - GPU使用: 2/7
2025-12-13 14:54:07,540 - INFO - 进度: 1/3 (33.3%) - 成功: 1, 失败: 0 - GPU使用: 2/7
2025-12-13 14:54:37,541 - INFO - 进度: 1/3 (33.3%) - 成功: 1, 失败: 0 - GPU使用: 2/7
2025-12-13 14:55:07,541 - INFO - 进度: 1/3 (33.3%) - 成功: 1, 失败: 0 - GPU使用: 2/7
2025-12-13 14:55:37,542 - INFO - 进度: 1/3 (33.3%) - 成功: 1, 失败: 0 - GPU使用: 2/7
2025-12-13 14:56:07,542 - INFO - 进度: 1/3 (33.3%) - 成功: 1, 失败: 0 - GPU使用: 2/7
2025-12-13 14:56:37,543 - INFO - 进度: 1/3 (33.3%) - 成功: 1, 失败: 0 - GPU使用: 2/7
2025-12-13 14:57:07,543 - INFO - 进度: 1/3 (33.3%) - 成功: 1, 失败: 0 - GPU使用: 2/7
2025-12-13 14:57:37,543 - INFO - 进度: 1/3 (33.3%) - 成功: 1, 失败: 0 - GPU使用: 2/7
2025-12-13 14:58:07,544 - INFO - 进度: 1/3 (33.3%) - 成功: 1, 失败: 0 - GPU使用: 2/7
2025-12-13 14:58:37,544 - INFO - 进度: 1/3 (33.3%) - 成功: 1, 失败: 0 - GPU使用: 2/7
2025-12-13 14:59:07,545 - INFO - 进度: 1/3 (33.3%) - 成功: 1, 失败: 0 - GPU使用: 2/7
2025-12-13 14:59:37,545 - INFO - 进度: 1/3 (33.3%) - 成功: 1, 失败: 0 - GPU使用: 2/7
2025-12-13 15:00:07,546 - INFO - 进度: 1/3 (33.3%) - 成功: 1, 失败: 0 - GPU使用: 2/7
2025-12-13 15:00:37,546 - INFO - 进度: 1/3 (33.3%) - 成功: 1, 失败: 0 - GPU使用: 2/7
2025-12-13 15:01:07,547 - INFO - 进度: 1/3 (33.3%) - 成功: 1, 失败: 0 - GPU使用: 2/7
2025-12-13 15:01:37,547 - INFO - 进度: 1/3 (33.3%) - 成功: 1, 失败: 0 - GPU使用: 2/7
2025-12-13 15:02:07,548 - INFO - 进度: 1/3 (33.3%) - 成功: 1, 失败: 0 - GPU使用: 2/7
2025-12-13 15:02:37,548 - INFO - 进度: 1/3 (33.3%) - 成功: 1, 失败: 0 - GPU使用: 2/7
2025-12-13 15:03:07,549 - INFO - 进度: 1/3 (33.3%) - 成功: 1, 失败: 0 - GPU使用: 2/7
2025-12-13 15:03:37,549 - INFO - 进度: 1/3 (33.3%) - 成功: 1, 失败: 0 - GPU使用: 2/7
2025-12-13 15:04:07,550 - INFO - 进度: 1/3 (33.3%) - 成功: 1, 失败: 0 - GPU使用: 2/7
2025-12-13 15:04:37,550 - INFO - 进度: 1/3 (33.3%) - 成功: 1, 失败: 0 - GPU使用: 2/7
2025-12-13 15:05:07,551 - INFO - 进度: 1/3 (33.3%) - 成功: 1, 失败: 0 - GPU使用: 2/7
2025-12-13 15:05:37,551 - INFO - 进度: 1/3 (33.3%) - 成功: 1, 失败: 0 - GPU使用: 2/7
2025-12-13 15:06:07,552 - INFO - 进度: 1/3 (33.3%) - 成功: 1, 失败: 0 - GPU使用: 2/7
2025-12-13 15:06:37,552 - INFO - 进度: 1/3 (33.3%) - 成功: 1, 失败: 0 - GPU使用: 2/7
2025-12-13 15:07:07,553 - INFO - 进度: 1/3 (33.3%) - 成功: 1, 失败: 0 - GPU使用: 2/7
2025-12-13 15:07:37,553 - INFO - 进度: 1/3 (33.3%) - 成功: 1, 失败: 0 - GPU使用: 2/7
2025-12-13 15:08:07,553 - INFO - 进度: 1/3 (33.3%) - 成功: 1, 失败: 0 - GPU使用: 2/7
2025-12-13 15:08:37,554 - INFO - 进度: 1/3 (33.3%) - 成功: 1, 失败: 0 - GPU使用: 2/7
2025-12-13 15:09:07,554 - INFO - 进度: 1/3 (33.3%) - 成功: 1, 失败: 0 - GPU使用: 2/7
2025-12-13 15:09:37,555 - INFO - 进度: 1/3 (33.3%) - 成功: 1, 失败: 0 - GPU使用: 2/7
2025-12-13 15:10:07,555 - INFO - 进度: 1/3 (33.3%) - 成功: 1, 失败: 0 - GPU使用: 2/7
2025-12-13 15:10:37,556 - INFO - 进度: 1/3 (33.3%) - 成功: 1, 失败: 0 - GPU使用: 2/7
2025-12-13 15:11:07,556 - INFO - 进度: 1/3 (33.3%) - 成功: 1, 失败: 0 - GPU使用: 2/7
2025-12-13 15:11:37,557 - INFO - 进度: 1/3 (33.3%) - 成功: 1, 失败: 0 - GPU使用: 2/7
2025-12-13 15:12:07,557 - INFO - 进度: 1/3 (33.3%) - 成功: 1, 失败: 0 - GPU使用: 2/7
2025-12-13 15:12:37,557 - INFO - 进度: 1/3 (33.3%) - 成功: 1, 失败: 0 - GPU使用: 2/7
2025-12-13 15:13:07,558 - INFO - 进度: 1/3 (33.3%) - 成功: 1, 失败: 0 - GPU使用: 2/7
2025-12-13 15:13:37,558 - INFO - 进度: 1/3 (33.3%) - 成功: 1, 失败: 0 - GPU使用: 2/7
2025-12-13 15:14:07,559 - INFO - 进度: 1/3 (33.3%) - 成功: 1, 失败: 0 - GPU使用: 2/7
2025-12-13 15:14:37,559 - INFO - 进度: 1/3 (33.3%) - 成功: 1, 失败: 0 - GPU使用: 2/7
2025-12-13 15:15:07,560 - INFO - 进度: 1/3 (33.3%) - 成功: 1, 失败: 0 - GPU使用: 2/7
2025-12-13 15:15:37,560 - INFO - 进度: 1/3 (33.3%) - 成功: 1, 失败: 0 - GPU使用: 2/7
2025-12-13 15:16:07,561 - INFO - 进度: 1/3 (33.3%) - 成功: 1, 失败: 0 - GPU使用: 2/7
2025-12-13 15:16:37,561 - INFO - 进度: 1/3 (33.3%) - 成功: 1, 失败: 0 - GPU使用: 2/7
2025-12-13 15:17:07,561 - INFO - 进度: 1/3 (33.3%) - 成功: 1, 失败: 0 - GPU使用: 2/7
2025-12-13 15:17:37,562 - INFO - 进度: 1/3 (33.3%) - 成功: 1, 失败: 0 - GPU使用: 2/7
2025-12-13 15:18:07,562 - INFO - 进度: 1/3 (33.3%) - 成功: 1, 失败: 0 - GPU使用: 2/7
2025-12-13 15:18:37,563 - INFO - 进度: 1/3 (33.3%) - 成功: 1, 失败: 0 - GPU使用: 2/7
2025-12-13 15:19:07,563 - INFO - 进度: 1/3 (33.3%) - 成功: 1, 失败: 0 - GPU使用: 2/7
2025-12-13 15:19:37,564 - INFO - 进度: 1/3 (33.3%) - 成功: 1, 失败: 0 - GPU使用: 2/7
2025-12-13 15:20:07,564 - INFO - 进度: 1/3 (33.3%) - 成功: 1, 失败: 0 - GPU使用: 2/7
2025-12-13 15:20:37,565 - INFO - 进度: 1/3 (33.3%) - 成功: 1, 失败: 0 - GPU使用: 2/7
2025-12-13 15:21:07,565 - INFO - 进度: 1/3 (33.3%) - 成功: 1, 失败: 0 - GPU使用: 2/7
2025-12-13 15:21:37,566 - INFO - 进度: 1/3 (33.3%) - 成功: 1, 失败: 0 - GPU使用: 2/7
2025-12-13 15:22:07,566 - INFO - 进度: 1/3 (33.3%) - 成功: 1, 失败: 0 - GPU使用: 2/7
2025-12-13 15:22:37,567 - INFO - 进度: 1/3 (33.3%) - 成功: 1, 失败: 0 - GPU使用: 2/7
2025-12-13 15:23:07,567 - INFO - 进度: 1/3 (33.3%) - 成功: 1, 失败: 0 - GPU使用: 2/7
2025-12-13 15:23:37,567 - INFO - 进度: 1/3 (33.3%) - 成功: 1, 失败: 0 - GPU使用: 2/7
2025-12-13 15:24:07,568 - INFO - 进度: 1/3 (33.3%) - 成功: 1, 失败: 0 - GPU使用: 2/7
2025-12-13 15:24:37,568 - INFO - 进度: 1/3 (33.3%) - 成功: 1, 失败: 0 - GPU使用: 2/7
2025-12-13 15:25:07,569 - INFO - 进度: 1/3 (33.3%) - 成功: 1, 失败: 0 - GPU使用: 2/7
2025-12-13 15:25:37,569 - INFO - 进度: 1/3 (33.3%) - 成功: 1, 失败: 0 - GPU使用: 2/7
2025-12-13 15:25:51,047 - INFO - [Task-000_iwslt_google_gemma-2-2b_sae_penalty] 执行成功，耗时: 7003.89秒
2025-12-13 15:26:07,570 - INFO - 进度: 2/3 (66.7%) - 成功: 2, 失败: 0 - GPU使用: 1/7
2025-12-13 15:26:37,570 - INFO - 进度: 2/3 (66.7%) - 成功: 2, 失败: 0 - GPU使用: 1/7
2025-12-13 15:27:07,571 - INFO - 进度: 2/3 (66.7%) - 成功: 2, 失败: 0 - GPU使用: 1/7
2025-12-13 15:27:37,571 - INFO - 进度: 2/3 (66.7%) - 成功: 2, 失败: 0 - GPU使用: 1/7
2025-12-13 15:28:07,572 - INFO - 进度: 2/3 (66.7%) - 成功: 2, 失败: 0 - GPU使用: 1/7
2025-12-13 15:28:37,572 - INFO - 进度: 2/3 (66.7%) - 成功: 2, 失败: 0 - GPU使用: 1/7
2025-12-13 15:29:07,573 - INFO - 进度: 2/3 (66.7%) - 成功: 2, 失败: 0 - GPU使用: 1/7
2025-12-13 15:29:37,573 - INFO - 进度: 2/3 (66.7%) - 成功: 2, 失败: 0 - GPU使用: 1/7
2025-12-13 15:30:07,574 - INFO - 进度: 2/3 (66.7%) - 成功: 2, 失败: 0 - GPU使用: 1/7
2025-12-13 15:30:37,574 - INFO - 进度: 2/3 (66.7%) - 成功: 2, 失败: 0 - GPU使用: 1/7
2025-12-13 15:31:07,575 - INFO - 进度: 2/3 (66.7%) - 成功: 2, 失败: 0 - GPU使用: 1/7
2025-12-13 15:31:37,575 - INFO - 进度: 2/3 (66.7%) - 成功: 2, 失败: 0 - GPU使用: 1/7
2025-12-13 15:32:07,575 - INFO - 进度: 2/3 (66.7%) - 成功: 2, 失败: 0 - GPU使用: 1/7
2025-12-13 15:32:37,576 - INFO - 进度: 2/3 (66.7%) - 成功: 2, 失败: 0 - GPU使用: 1/7
2025-12-13 15:33:07,576 - INFO - 进度: 2/3 (66.7%) - 成功: 2, 失败: 0 - GPU使用: 1/7
2025-12-13 15:33:37,577 - INFO - 进度: 2/3 (66.7%) - 成功: 2, 失败: 0 - GPU使用: 1/7
2025-12-13 15:34:07,577 - INFO - 进度: 2/3 (66.7%) - 成功: 2, 失败: 0 - GPU使用: 1/7
2025-12-13 15:34:37,578 - INFO - 进度: 2/3 (66.7%) - 成功: 2, 失败: 0 - GPU使用: 1/7
2025-12-13 15:35:07,578 - INFO - 进度: 2/3 (66.7%) - 成功: 2, 失败: 0 - GPU使用: 1/7
2025-12-13 15:35:37,579 - INFO - 进度: 2/3 (66.7%) - 成功: 2, 失败: 0 - GPU使用: 1/7
2025-12-13 15:36:07,579 - INFO - 进度: 2/3 (66.7%) - 成功: 2, 失败: 0 - GPU使用: 1/7
2025-12-13 15:36:37,580 - INFO - 进度: 2/3 (66.7%) - 成功: 2, 失败: 0 - GPU使用: 1/7
2025-12-13 15:37:07,580 - INFO - 进度: 2/3 (66.7%) - 成功: 2, 失败: 0 - GPU使用: 1/7
2025-12-13 15:37:37,581 - INFO - 进度: 2/3 (66.7%) - 成功: 2, 失败: 0 - GPU使用: 1/7
2025-12-13 15:38:07,581 - INFO - 进度: 2/3 (66.7%) - 成功: 2, 失败: 0 - GPU使用: 1/7
2025-12-13 15:38:37,582 - INFO - 进度: 2/3 (66.7%) - 成功: 2, 失败: 0 - GPU使用: 1/7
2025-12-13 15:39:07,582 - INFO - 进度: 2/3 (66.7%) - 成功: 2, 失败: 0 - GPU使用: 1/7
2025-12-13 15:39:37,583 - INFO - 进度: 2/3 (66.7%) - 成功: 2, 失败: 0 - GPU使用: 1/7
2025-12-13 15:40:07,583 - INFO - 进度: 2/3 (66.7%) - 成功: 2, 失败: 0 - GPU使用: 1/7
2025-12-13 15:40:37,584 - INFO - 进度: 2/3 (66.7%) - 成功: 2, 失败: 0 - GPU使用: 1/7
2025-12-13 15:41:07,584 - INFO - 进度: 2/3 (66.7%) - 成功: 2, 失败: 0 - GPU使用: 1/7
2025-12-13 15:41:37,585 - INFO - 进度: 2/3 (66.7%) - 成功: 2, 失败: 0 - GPU使用: 1/7
2025-12-13 15:42:07,585 - INFO - 进度: 2/3 (66.7%) - 成功: 2, 失败: 0 - GPU使用: 1/7
2025-12-13 15:42:37,586 - INFO - 进度: 2/3 (66.7%) - 成功: 2, 失败: 0 - GPU使用: 1/7
2025-12-13 15:43:07,586 - INFO - 进度: 2/3 (66.7%) - 成功: 2, 失败: 0 - GPU使用: 1/7
2025-12-13 15:43:37,587 - INFO - 进度: 2/3 (66.7%) - 成功: 2, 失败: 0 - GPU使用: 1/7
2025-12-13 15:44:07,587 - INFO - 进度: 2/3 (66.7%) - 成功: 2, 失败: 0 - GPU使用: 1/7
2025-12-13 15:44:37,587 - INFO - 进度: 2/3 (66.7%) - 成功: 2, 失败: 0 - GPU使用: 1/7
2025-12-13 15:45:07,588 - INFO - 进度: 2/3 (66.7%) - 成功: 2, 失败: 0 - GPU使用: 1/7
2025-12-13 15:45:37,588 - INFO - 进度: 2/3 (66.7%) - 成功: 2, 失败: 0 - GPU使用: 1/7
2025-12-13 15:46:07,589 - INFO - 进度: 2/3 (66.7%) - 成功: 2, 失败: 0 - GPU使用: 1/7
2025-12-13 15:46:37,589 - INFO - 进度: 2/3 (66.7%) - 成功: 2, 失败: 0 - GPU使用: 1/7
2025-12-13 15:47:07,590 - INFO - 进度: 2/3 (66.7%) - 成功: 2, 失败: 0 - GPU使用: 1/7
2025-12-13 15:47:37,590 - INFO - 进度: 2/3 (66.7%) - 成功: 2, 失败: 0 - GPU使用: 1/7
2025-12-13 15:48:07,591 - INFO - 进度: 2/3 (66.7%) - 成功: 2, 失败: 0 - GPU使用: 1/7
2025-12-13 15:48:37,591 - INFO - 进度: 2/3 (66.7%) - 成功: 2, 失败: 0 - GPU使用: 1/7
2025-12-13 15:49:07,592 - INFO - 进度: 2/3 (66.7%) - 成功: 2, 失败: 0 - GPU使用: 1/7
2025-12-13 15:49:37,592 - INFO - 进度: 2/3 (66.7%) - 成功: 2, 失败: 0 - GPU使用: 1/7
2025-12-13 15:50:07,593 - INFO - 进度: 2/3 (66.7%) - 成功: 2, 失败: 0 - GPU使用: 1/7
2025-12-13 15:50:37,593 - INFO - 进度: 2/3 (66.7%) - 成功: 2, 失败: 0 - GPU使用: 1/7
2025-12-13 15:51:07,594 - INFO - 进度: 2/3 (66.7%) - 成功: 2, 失败: 0 - GPU使用: 1/7
2025-12-13 15:51:37,594 - INFO - 进度: 2/3 (66.7%) - 成功: 2, 失败: 0 - GPU使用: 1/7
2025-12-13 15:52:07,595 - INFO - 进度: 2/3 (66.7%) - 成功: 2, 失败: 0 - GPU使用: 1/7
2025-12-13 15:52:37,595 - INFO - 进度: 2/3 (66.7%) - 成功: 2, 失败: 0 - GPU使用: 1/7
2025-12-13 15:53:07,595 - INFO - 进度: 2/3 (66.7%) - 成功: 2, 失败: 0 - GPU使用: 1/7
2025-12-13 15:53:37,596 - INFO - 进度: 2/3 (66.7%) - 成功: 2, 失败: 0 - GPU使用: 1/7
2025-12-13 15:54:07,596 - INFO - 进度: 2/3 (66.7%) - 成功: 2, 失败: 0 - GPU使用: 1/7
2025-12-13 15:54:37,597 - INFO - 进度: 2/3 (66.7%) - 成功: 2, 失败: 0 - GPU使用: 1/7
2025-12-13 15:55:07,597 - INFO - 进度: 2/3 (66.7%) - 成功: 2, 失败: 0 - GPU使用: 1/7
2025-12-13 15:55:37,598 - INFO - 进度: 2/3 (66.7%) - 成功: 2, 失败: 0 - GPU使用: 1/7
2025-12-13 15:56:07,598 - INFO - 进度: 2/3 (66.7%) - 成功: 2, 失败: 0 - GPU使用: 1/7
2025-12-13 15:56:37,599 - INFO - 进度: 2/3 (66.7%) - 成功: 2, 失败: 0 - GPU使用: 1/7
2025-12-13 15:56:44,284 - INFO - [Task-002_nq_google_gemma-2-2b_sae_penalty] 执行成功，耗时: 8856.92秒
2025-12-13 15:56:44,285 - INFO - ============================================================
2025-12-13 15:56:44,285 - INFO - 任务执行总结
2025-12-13 15:56:44,285 - INFO - ============================================================
2025-12-13 15:56:44,285 - INFO - 总任务数: 3
2025-12-13 15:56:44,286 - INFO - 成功任务: 3
2025-12-13 15:56:44,286 - INFO - 失败任务: 0
2025-12-13 15:56:44,286 - INFO - 成功率: 100.0%
2025-12-13 15:56:44,286 - INFO - 总耗时: 8857.13秒 (2.46小时)
2025-12-13 15:56:44,293 - INFO - 详细结果已保存到: ./test_results_new/execution_results.json
